// Jest Snapshot v1, https://goo.gl/fbAQLP

exports[`Snapshot test for the "UISwitch" component renders correctly 1`] = `
<View
  style={
    Object {
      "alignItems": "center",
      "borderBottomColor": "#c4c4c4",
      "borderBottomWidth": 0.5,
      "flexDirection": "row",
      "justifyContent": "space-between",
      "marginTop": 12,
      "paddingBottom": 12,
      "paddingLeft": 8,
      "paddingRight": 8,
      "paddingTop": 12,
    }
  }
>
  <Text
    numberOfLines={1}
    style={
      Object {
        "color": "#000000",
        "flex": 1,
        "fontSize": 16,
        "fontWeight": "400",
      }
    }
  >
    Some text here
  </Text>
  <Text
    style={
      Array [
        Object {
          "color": "#000000",
          "fontSize": 14,
          "fontWeight": "200",
        },
        Object {
          "marginBottom": 8,
          "marginTop": 8,
          "paddingBottom": 6,
          "paddingTop": 6,
        },
        undefined,
        undefined,
      ]
    }
  >
    Some more text here
  </Text>
</View>
`;
